[backblue.gif]
[fade.gif]
[index.html]
[www.carolmeyerdesign.com/scripts/global.js]
[www.carolmeyerdesign.com/images/nav/home_over.gif]
[www.carolmeyerdesign.com/images/nav/whoweare_over.gif]
[www.carolmeyerdesign.com/images/nav/process_over.gif]
[www.carolmeyerdesign.com/images/nav/pricing_over.gif]
[www.carolmeyerdesign.com/images/nav/samples_over.gif]
[www.carolmeyerdesign.com/images/nav/contactus_over.gif]
[www.carolmeyerdesign.com/images/header.gif]
[www.carolmeyerdesign.com/images/box/top.gif]
[www.carolmeyerdesign.com/images/box/cornertop.gif]
[www.carolmeyerdesign.com/images/navback.gif]
[www.carolmeyerdesign.com/images/nav/whoweare.gif]
[www.carolmeyerdesign.com/images/nav/process.gif]
[www.carolmeyerdesign.com/images/nav/pricing.gif]
[www.carolmeyerdesign.com/images/nav/samples.gif]
[www.carolmeyerdesign.com/images/nav/contactus.gif]
[www.carolmeyerdesign.com/images/model1.gif]
[www.carolmeyerdesign.com/images/box/right.gif]
[www.carolmeyerdesign.com/images/box/bottom.gif]
[www.carolmeyerdesign.com/images/box/cornerbut.gif]
[www.carolmeyerdesign.com/images/logosm.gif]
[www.carolmeyerdesign.com/index.html]
[www.carolmeyerdesign.com/styles/global.css]
[www.carolmeyerdesign.com/index-2.html]
[www.carolmeyerdesign.com/images/nav/home.gif]
[www.carolmeyerdesign.com/whoweare.html]
[www.carolmeyerdesign.com/process.html]
[www.carolmeyerdesign.com/pricing.html]
[www.carolmeyerdesign.com/images/samples/harvard.pdf]
[www.carolmeyerdesign.com/images/samples/laurel.pdf]
[www.carolmeyerdesign.com/images/samples/miller.pdf]
[www.carolmeyerdesign.com/images/samples/newbrook.pdf]
[www.carolmeyerdesign.com/images/samples/chestnut.pdf]
[www.carolmeyerdesign.com/images/samples/commonwealth.pdf]
[www.carolmeyerdesign.com/images/adobereader.gif]
[www.carolmeyerdesign.com/images/samples/chestnut.png]
[www.carolmeyerdesign.com/images/samples/commonwealth.png]
[www.carolmeyerdesign.com/images/samples/harvard.png]
[www.carolmeyerdesign.com/images/samples/laurel.png]
[www.carolmeyerdesign.com/images/samples/miller.png]
[www.carolmeyerdesign.com/images/samples/newbrook.png]
[www.carolmeyerdesign.com/samples.html]
[www.carolmeyerdesign.com/contactus.html]
[www.carolmeyerdesign.com/sitecredits.html]
